HI-TECH Software C Compiler 

Linker command line:

--edf=C:\Program Files (x86)\HI-TECH Software\PICC\9.83\dat\en_msgs.txt -cs \
  -h+proj.sym -z -Q16F877A -ol.obj -Mproj.map -E1 -ACONST=00h-0FFhx31 \
  -ACODE=00h-07FFhx3,01800h-01EFFh -ASTRCODE=00h-01EFFh -AENTRY=00h-0FFhx31 \
  -ASTRING=00h-0FFhx31 -ABANK0=020h-06Fh -ABANK1=0A0h-0EFh \
  -ABANK2=0110h-016Fh -ABANK3=0190h-01E4h \
  -ARAM=020h-06Fh,0A0h-0EFh,0110h-016Fh,0190h-01E4h \
  -AABS1=020h-07Fh,0A0h-0EFh,0110h-016Fh,0190h-01EFh -ACOMMON=071h-07Fh \
  -ASFR0=00h-01Fh -ASFR1=080h-09Fh -ASFR2=0100h-010Fh -ASFR3=0180h-018Fh \
  -preset_vec=00h,intentry=04h,init,end_init -ppowerup=CODE -pfunctab=CODE \
  -ACONFIG=02007h-02007h -pconfig=CONFIG -DCONFIG=2 -AIDLOC=02000h-02003h \
  -pidloc=IDLOC -DIDLOC=2 -AEEDATA=00h-0FFh/02100h -peeprom_data=EEDATA \
  -DEEDATA=2 -DCODE=2 -DSTRCODE=2 -DSTRING=2 -DCONST=2 -DENTRY=2 -k \
  startup.obj proj.obj 

Object code version is 3.10

Machine type is 16F877A



                Name                               Link     Load   Length Selector   Space Scale
startup.obj     end_init                             12       12        3        8       0
                reset_vec                             0        0        4        0       0
proj.obj        intentry                              4        4        E        8       0
                config                             2007     2007        1     400E       0
                text1873                           1C8C     1C8C       16     3918       0
                text1872                           1CA2     1CA2       19     3944       0
                text1871                           1C78     1C78       14     38F0       0
                text1870                           1DA0     1DA0       24     3B40       0
                text1869                           1D5E     1D5E       21     3ABC       0
                text1868                           1DE8     1DE8       28     3BD0       0
                text1867                           1C30     1C30        7     3860       0
                text1866                           1CBB     1CBB       19     3976       0
                text1865                           1C55     1C55       10     38AA       0
                text1864                           1C48     1C48        D     3890       0
                text1863                           1D7F     1D7F       21     3AFE       0
                text1862                           1C37     1C37        7     386E       0
                text1861                           1CD4     1CD4       19     39A8       0
                text1860                            A60      A60       AF     14C0       0
                text1859                           1CED     1CED       1A     39DA       0
                text1858                           1145     1145       4C     228A       0
                text1857                           1673     1673       76     2CE6       0
                text1856                           1323     1323       5E     2646       0
                text1855                           151B     151B       70     2A36       0
                text1854                           1000     1000       35     1CEE       0
                text1853                           12CA     12CA       59     2594       0
                text1852                           1D3F     1D3F       1F     3A7E       0
                text1851                           1DC4     1DC4       24     3B88       0
                text1850                           1E3C     1E3C       2D     3C78       0
                text1849                           11DD     11DD       4E     23BA       0
                text1848                            150      150      1FB      2A0       0
                text1847                           1E10     1E10       2C     3C20       0
                text1846                           1E98     1E98       34     3D30       0
                text1845                           1D07     1D07       1C     3A0E       0
                text1844                           1443     1443       6B     2886       0
                text1843                           16E9     16E9       81     2DD2       0
                text1842                           15FE     15FE       75     2BFC       0
                text1841                            D1E      D1E      159     1A3C       0
                text1840                           1E69     1E69       2F     3CD2       0
                text1839                           14AE     14AE       6D     295C       0
                text1838                           1035     1035       3E     206A       0
                text1837                           1381     1381       5F     2702       0
                text1836                           1ECC     1ECC       34     3D98       0
                text1835                           10FA     10FA       4B     21F4       0
                text1834                           1191     1191       4C     2322       0
                text1833                           158B     158B       73     2B16       0
                text1832                           1073     1073       3E     20E6       0
                text1831                            A22      A22       3E     1444       0
                text1830                           13E0     13E0       63     27C0       0
                text1829                           122B     122B       4F     2456       0
                text1828                           176A     176A       96     2ED4       0
                text1827                           127A     127A       50     24F4       0
                text1826                            B0F      B0F       CA     161E       0
                text1825                             1E       1E      132       3C       0
                text1824                            E77      E77      189     1CEE       0
                text1823                            58C      58C      274      B18       0
                text1822                            34B      34B      241      696       0
                maintext                            BD9      BD9      145     17B2       0
                cstackBANK0                          20       20       50       20       1
                cstackCOMMON                         71       71        6       71       1
                cstackBANK1                          A0       A0       1D       A0       1
                inittext                           1C65     1C65       13     38CA       0
                clrtext                              16       16        8       2C       0
                bssBANK2                            110      110       38      110       1
                dataBANK3                           1C4      1C4        A      190       1
                bssBANK3                            190      190       34      190       1
                dataBANK1                            BD       BD       1C       A0       1
                bssBANK1                             D9       D9       16       A0       1
                dataCOMMON                           7B       7B        2       71       1
                bssCOMMON                            77       77        4       71       1
                cinit                              10B1     10B1       49     2162       0
                stringtext                          800      800      220       10       0
                idataBANK1                         1D23     1D23       1C     3A46       0
                idataCOMMON                         A20      A20        2     1440       0
                idataBANK3                         1C3E     1C3E        A     387C       0

TOTAL           Name                               Link     Load   Length     Space
        CLASS   CONST          

        CLASS   CODE           
                end_init                             12       12        3         0
                intentry                              4        4        E         0
                reset_vec                             0        0        4         0
                text1873                           1C8C     1C8C       16         0
                text1872                           1CA2     1CA2       19         0
                text1871                           1C78     1C78       14         0
                text1870                           1DA0     1DA0       24         0
                text1869                           1D5E     1D5E       21         0
                text1868                           1DE8     1DE8       28         0
                text1867                           1C30     1C30        7         0
                text1866                           1CBB     1CBB       19         0
                text1865                           1C55     1C55       10         0
                text1864                           1C48     1C48        D         0
                text1863                           1D7F     1D7F       21         0
                text1862                           1C37     1C37        7         0
                text1861                           1CD4     1CD4       19         0
                text1860                            A60      A60       AF         0
                text1859                           1CED     1CED       1A         0
                text1858                           1145     1145       4C         0
                text1857                           1673     1673       76         0
                text1856                           1323     1323       5E         0
                text1855                           151B     151B       70         0
                text1854                           1000     1000       35         0
                text1853                           12CA     12CA       59         0
                text1852                           1D3F     1D3F       1F         0
                text1851                           1DC4     1DC4       24         0
                text1850                           1E3C     1E3C       2D         0
                text1849                           11DD     11DD       4E         0
                text1848                            150      150      1FB         0
                text1847                           1E10     1E10       2C         0
                text1846                           1E98     1E98       34         0
                text1845                           1D07     1D07       1C         0
                text1844                           1443     1443       6B         0
                text1843                           16E9     16E9       81         0
                text1842                           15FE     15FE       75         0
                text1841                            D1E      D1E      159         0
                text1840                           1E69     1E69       2F         0
                text1839                           14AE     14AE       6D         0
                text1838                           1035     1035       3E         0
                text1837                           1381     1381       5F         0
                text1836                           1ECC     1ECC       34         0
                text1835                           10FA     10FA       4B         0
                text1834                           1191     1191       4C         0
                text1833                           158B     158B       73         0
                text1832                           1073     1073       3E         0
                text1831                            A22      A22       3E         0
                text1830                           13E0     13E0       63         0
                text1829                           122B     122B       4F         0
                text1828                           176A     176A       96         0
                text1827                           127A     127A       50         0
                text1826                            B0F      B0F       CA         0
                text1825                             1E       1E      132         0
                text1824                            E77      E77      189         0
                text1823                            58C      58C      274         0
                text1822                            34B      34B      241         0
                maintext                            BD9      BD9      145         0
                inittext                           1C65     1C65       13         0
                clrtext                              16       16        8         0
                cinit                              10B1     10B1       49         0
                idataBANK1                         1D23     1D23       1C         0
                idataCOMMON                         A20      A20        2         0
                idataBANK3                         1C3E     1C3E        A         0

        CLASS   STRCODE        
                stringtext                          800      800      220         0

        CLASS   ENTRY          

        CLASS   STRING         

        CLASS   BANK0          
                cstackBANK0                          20       20       50         1

        CLASS   BANK1          
                cstackBANK1                          A0       A0       1D         1
                dataBANK1                            BD       BD       1C         1
                bssBANK1                             D9       D9       16         1

        CLASS   BANK2          
                bssBANK2                            110      110       38         1

        CLASS   BANK3          
                dataBANK3                           1C4      1C4        A         1
                bssBANK3                            190      190       34         1

        CLASS   RAM            

        CLASS   ABS1           
                abs_s1                               7E       7E        2         1

        CLASS   COMMON         
                cstackCOMMON                         71       71        6         1
                dataCOMMON                           7B       7B        2         1
                bssCOMMON                            77       77        4         1

        CLASS   SFR0           

        CLASS   SFR1           

        CLASS   SFR2           

        CLASS   SFR3           

        CLASS   CONFIG         
                config                             2007     2007        1         0

        CLASS   IDLOC          

        CLASS   EEDATA         



SEGMENTS        Name                           Load    Length   Top    Selector   Space  Class     Delta

                reset_vec                      000000  000004  000004         0       0  CODE        2
                intentry                       000004  000011  000015         8       0  CODE        2
                cstackBANK0                    000020  000050  000070        20       1  BANK0       1
                clrtext                        000016  000008  00001E        2C       0  CODE        2
                text1825                       00001E  000132  000150        3C       0  CODE        2
                cstackCOMMON                   000071  00000C  00007D        71       1  COMMON      1
                cstackBANK1                    0000A0  00004F  0000EF        A0       1  BANK1       1
                bssBANK2                       000110  000038  000148       110       1  BANK2       1
                bssBANK3                       000190  00003E  0001CE       190       1  BANK3       1
                text1848                       000150  0001FB  00034B       2A0       0  CODE        2
                text1822                       00034B  000241  00058C       696       0  CODE        2
                text1823                       00058C  000274  000800       B18       0  CODE        2
                stringtext                     000800  000220  000A20        10       0  STRCODE     2
                idataCOMMON                    000A20  000002  000A22      1440       0  CODE        2
                text1831                       000A22  00003E  000A60      1444       0  CODE        2
                text1860                       000A60  0000AF  000B0F      14C0       0  CODE        2
                text1826                       000B0F  0000CA  000BD9      161E       0  CODE        2
                maintext                       000BD9  000145  000D1E      17B2       0  CODE        2
                text1841                       000D1E  000159  000E77      1A3C       0  CODE        2
                text1824                       000E77  0001BE  001035      1CEE       0  CODE        2
                text1838                       001035  00003E  001073      206A       0  CODE        2
                text1832                       001073  00003E  0010B1      20E6       0  CODE        2
                cinit                          0010B1  000049  0010FA      2162       0  CODE        2
                text1835                       0010FA  00004B  001145      21F4       0  CODE        2
                text1858                       001145  00004C  001191      228A       0  CODE        2
                text1834                       001191  00004C  0011DD      2322       0  CODE        2
                text1849                       0011DD  00004E  00122B      23BA       0  CODE        2
                text1829                       00122B  00004F  00127A      2456       0  CODE        2
                text1827                       00127A  000050  0012CA      24F4       0  CODE        2
                text1853                       0012CA  000059  001323      2594       0  CODE        2
                text1856                       001323  00005E  001381      2646       0  CODE        2
                text1837                       001381  00005F  0013E0      2702       0  CODE        2
                text1830                       0013E0  000063  001443      27C0       0  CODE        2
                text1844                       001443  00006B  0014AE      2886       0  CODE        2
                text1839                       0014AE  00006D  00151B      295C       0  CODE        2
                text1855                       00151B  000070  00158B      2A36       0  CODE        2
                text1833                       00158B  000073  0015FE      2B16       0  CODE        2
                text1842                       0015FE  000075  001673      2BFC       0  CODE        2
                text1857                       001673  000076  0016E9      2CE6       0  CODE        2
                text1843                       0016E9  000081  00176A      2DD2       0  CODE        2
                text1828                       00176A  000096  001800      2ED4       0  CODE        2
                text1867                       001C30  000007  001C37      3860       0  CODE        2
                text1862                       001C37  000007  001C3E      386E       0  CODE        2
                idataBANK3                     001C3E  00000A  001C48      387C       0  CODE        2
                text1864                       001C48  00000D  001C55      3890       0  CODE        2
                text1865                       001C55  000010  001C65      38AA       0  CODE        2
                inittext                       001C65  000013  001C78      38CA       0  CODE        2
                text1871                       001C78  000014  001C8C      38F0       0  CODE        2
                text1873                       001C8C  000016  001CA2      3918       0  CODE        2
                text1872                       001CA2  000019  001CBB      3944       0  CODE        2
                text1866                       001CBB  000019  001CD4      3976       0  CODE        2
                text1861                       001CD4  000019  001CED      39A8       0  CODE        2
                text1859                       001CED  00001A  001D07      39DA       0  CODE        2
                text1845                       001D07  00001C  001D23      3A0E       0  CODE        2
                idataBANK1                     001D23  00001C  001D3F      3A46       0  CODE        2
                text1852                       001D3F  00001F  001D5E      3A7E       0  CODE        2
                text1869                       001D5E  000021  001D7F      3ABC       0  CODE        2
                text1863                       001D7F  000021  001DA0      3AFE       0  CODE        2
                text1870                       001DA0  000024  001DC4      3B40       0  CODE        2
                text1851                       001DC4  000024  001DE8      3B88       0  CODE        2
                text1868                       001DE8  000028  001E10      3BD0       0  CODE        2
                text1847                       001E10  00002C  001E3C      3C20       0  CODE        2
                text1850                       001E3C  00002D  001E69      3C78       0  CODE        2
                text1840                       001E69  00002F  001E98      3CD2       0  CODE        2
                text1846                       001E98  000034  001ECC      3D30       0  CODE        2
                text1836                       001ECC  000034  001F00      3D98       0  CODE        2
                config                         002007  000001  002008      400E       0  CONFIG      2


UNUSED ADDRESS RANGES

        Name                Unused          Largest block    Delta
        BANK1            00EF-00EF              1           1
        BANK2            0148-016F             28           1
        BANK3            01CE-01E4             17           1
        CODE             0015-0015              1           2
                         1800-1C2F            430
        COMMON           007D-007D              1           1
        CONST            0015-0015              1           2
                         1800-1C2F            100
        EEDATA           2100-21FF            100           2
        ENTRY            0015-0015              1           2
                         1800-1C2F            100
        IDLOC            2000-2003              4           2
        RAM              00EF-00EF              1           1
                         0148-016F             28
                         01CE-01E4             17
        SFR0             0000-001F             20           1
        SFR1             0080-009F             20           1
        SFR2             0100-010F             10           1
        SFR3             0180-018F             10           1
        STRCODE          0015-0015              1           2
                         1800-1C2F            430
        STRING           0015-0015              1           2
                         1800-1C2F            100

                                  Symbol Table

??_AddNewUser                                  cstackBANK0  0063
??_AddNewUserAfterAdminConfirm                 cstackBANK1  00A0
??_AddUserA                                    cstackBANK0  0059
??_AddUserB                                    cstackBANK0  0059
??_AddUserC                                    cstackBANK0  0059
??_AlterAdminUser                              cstackBANK0  006B
??_ClearUartBuffer                             cstackBANK0  0020
??_ControlAccess                               cstackBANK0  006B
??_DecToStr                                    cstackBANK0  003A
??_Delay                                       cstackBANK0  002F
??_DeleteUser                                  cstackBANK0  0059
??_DeleteUserAfterAdminConfirm                 cstackBANK0  006B
??_EraseAllUsers                               cstackBANK0  0059
??_EraseAllUsersAfterAdminConfirm              cstackBANK0  006B
??_FillUpResponse                              cstackBANK0  0038
??_GenCharacterFileFromImage                   cstackBANK0  0059
??_GetKey                                      cstackBANK0  0020
??_GetUartByte                                 cstackBANK0  0020
??_HiSpeedScan                                 cstackBANK0  0059
??_HiSpeedScan0                                cstackBANK0  0068
??_IsKeyPending                                cstackBANK0  0020
??_IsUartBytePending                           cstackBANK0  0020
??_KeyScan                                     cstackBANK0  0024
??_LcdClear                                    cstackBANK0  0028
??_LcdDelay                                    cstackBANK0  0022
??_LcdInit                                     cstackBANK0  0028
??_LcdPrint                                    cstackBANK0  002F
??_PutKey                                      cstackBANK0  0022
??_PutUartByte                                 cstackCOMMON 0071
??_ScanForImage                                cstackBANK0  0059
??_SendByte                                    cstackBANK0  0023
??_SendUartByte                                cstackBANK0  0020
??_SendUartValue                               cstackBANK0  0026
??_ToggleEndianFormat                          cstackBANK0  0025
??_TotDigits                                   cstackBANK0  0032
??_UartInit                                    cstackBANK0  0020
??_UploadLcdBuffer                             cstackBANK0  0025
??_VerifyPswd                                  cstackBANK0  0059
??___awdiv                                     cstackBANK0  0024
??___bmul                                      cstackBANK0  0021
??___lldiv                                     cstackBANK0  0028
??___llmod                                     cstackBANK0  0028
??___lmul                                      cstackBANK0  0028
??_ee_eraseNPos                                cstackBANK0  0025
??_ee_read                                     cstackBANK0  0020
??_ee_write                                    cstackBANK0  0024
??_isr                                         cstackCOMMON 0073
??_main                                        cstackBANK0  006F
??_memset1                                     cstackBANK0  0025
??_menu                                        cstackBANK0  0035
??_releaseEElocation                           cstackBANK0  0025
??_reserveEElocation                           cstackBANK0  0025
??_sendPackage                                 cstackBANK0  002E
?_AddNewUser                                   cstackCOMMON 0071
?_AddNewUserAfterAdminConfirm                  cstackCOMMON 0071
?_AddUserA                                     cstackCOMMON 0071
?_AddUserB                                     cstackCOMMON 0071
?_AddUserC                                     cstackCOMMON 0071
?_AlterAdminUser                               cstackCOMMON 0071
?_ClearUartBuffer                              cstackCOMMON 0071
?_ControlAccess                                cstackCOMMON 0071
?_DecToStr                                     cstackBANK0  0034
?_Delay                                        cstackBANK0  002D
?_DeleteUser                                   cstackCOMMON 0071
?_DeleteUserAfterAdminConfirm                  cstackCOMMON 0071
?_EraseAllUsers                                cstackCOMMON 0071
?_EraseAllUsersAfterAdminConfirm               cstackCOMMON 0071
?_FillUpResponse                               cstackBANK0  0037
?_GenCharacterFileFromImage                    cstackCOMMON 0071
?_GetKey                                       cstackCOMMON 0071
?_GetUartByte                                  cstackCOMMON 0071
?_HiSpeedScan                                  cstackCOMMON 0071
?_HiSpeedScan0                                 cstackCOMMON 0071
?_IsKeyPending                                 cstackCOMMON 0071
?_IsUartBytePending                            cstackCOMMON 0071
?_KeyScan                                      cstackCOMMON 0071
?_LcdClear                                     cstackCOMMON 0071
?_LcdDelay                                     cstackBANK0  0020
?_LcdInit                                      cstackCOMMON 0071
?_LcdPrint                                     cstackBANK0  002B
?_PutKey                                       cstackCOMMON 0071
?_PutUartByte                                  cstackCOMMON 0071
?_ScanForImage                                 cstackCOMMON 0071
?_SendByte                                     cstackBANK0  0022
?_SendUartByte                                 cstackCOMMON 0071
?_SendUartValue                                cstackBANK0  0021
?_ToggleEndianFormat                           cstackBANK0  0020
?_TotDigits                                    cstackBANK0  002E
?_UartInit                                     cstackCOMMON 0071
?_UploadLcdBuffer                              cstackCOMMON 0071
?_VerifyPswd                                   cstackCOMMON 0071
?___awdiv                                      cstackBANK0  0020
?___bmul                                       cstackBANK0  0020
?___lldiv                                      cstackBANK0  0020
?___llmod                                      cstackBANK0  0020
?___lmul                                       cstackBANK0  0020
?_ee_eraseNPos                                 cstackCOMMON 0071
?_ee_read                                      cstackCOMMON 0071
?_ee_write                                     cstackBANK0  0023
?_isr                                          cstackCOMMON 0071
?_main                                         cstackCOMMON 0071
?_memset1                                      cstackBANK0  0020
?_menu                                         cstackBANK0  0033
?_releaseEElocation                            cstackCOMMON 0071
?_reserveEElocation                            cstackCOMMON 0071
?_sendPackage                                  cstackBANK0  002B
AddNewUser@position                            cstackBANK0  0064
AddNewUser@scanResult                          cstackBANK0  0065
AddNewUserAfterAdminConfirm@AddNewUserResult   cstackBANK1  00B8
AddNewUserAfterAdminConfirm@UserNo             cstackBANK1  00B9
AddNewUserAfterAdminConfirm@_availSpaceResult  cstackBANK1  00BB
AddNewUserAfterAdminConfirm@availSpaceResult   cstackBANK1  00B7
AddNewUserAfterAdminConfirm@buff               cstackBANK1  00B0
AddNewUserAfterAdminConfirm@buff_2228          cstackBANK1  00A6
AddNewUserAfterAdminConfirm@isAddNewUser       cstackBANK1  00B5
AddNewUserAfterAdminConfirm@key                cstackBANK1  00BA
AddNewUserAfterAdminConfirm@result             cstackBANK1  00B6
AddUserA@F1335                                 dataBANK1    00CE
AddUserA@F1338                                 dataBANK1    00CF
AddUserA@confirmationCode                      cstackBANK0  005E
AddUserA@contentData                           cstackBANK0  005D
AddUserA@dataOut                               cstackBANK0  005C
AddUserB@F1340                                 dataBANK1    00D0
AddUserB@F1343                                 dataBANK1    00D1
AddUserB@confirmationCode                      cstackBANK0  005E
AddUserB@contentData                           cstackBANK0  005D
AddUserB@dataOut                               cstackBANK0  005C
AddUserC@F1346                                 dataBANK1    00D2
AddUserC@F1349                                 dataBANK1    00BD
AddUserC@confirmationCode                      cstackBANK0  0062
AddUserC@contentData                           cstackBANK0  005C
AddUserC@dataOut                               cstackBANK0  0061
AddUserC@position                              cstackBANK0  0060
AlterAdminUser@Create0thPositionUser           cstackBANK1  00A0
AlterAdminUser@NewUserResult                   cstackBANK1  00A2
AlterAdminUser@UserIndex                       cstackBANK1  00A4
AlterAdminUser@UserNo                          cstackBANK1  00A3
AlterAdminUser@result                          cstackBANK1  00A1
ClearUartBuffer@i                              cstackBANK0  0021
ControlAccess@SelectedUserArr                  cstackBANK1  00A1
ControlAccess@SwitchRelay                      cstackBANK1  00A0
ControlAccess@UserNo                           cstackBANK1  00A7
ControlAccess@c                                cstackBANK1  00A6
ControlAccess@result                           cstackBANK1  00A5
DecToStr@dest                                  cstackBANK0  0038
DecToStr@len                                   cstackBANK0  003C
DecToStr@minDigit                              cstackBANK0  0039
DecToStr@val                                   cstackBANK0  0034
Delay@d                                        cstackBANK0  002D
Delay@dd                                       cstackBANK0  0033
DeleteUser@F1289                               dataBANK1    00C1
DeleteUser@F1292                               dataCOMMON   007B
DeleteUser@UserNo                              cstackBANK0  0060
DeleteUser@confirmationCode                    cstackBANK0  0062
DeleteUser@contentData                         cstackBANK0  005C
DeleteUser@dataOut                             cstackBANK0  0061
DeleteUserAfterAdminConfirm@DelUserNo          cstackBANK1  00AE
DeleteUserAfterAdminConfirm@UserNo             cstackBANK1  00AC
DeleteUserAfterAdminConfirm@buff               cstackBANK1  00A0
DeleteUserAfterAdminConfirm@isDeleteUser       cstackBANK1  00AA
DeleteUserAfterAdminConfirm@key                cstackBANK1  00AD
DeleteUserAfterAdminConfirm@result             cstackBANK1  00AB
EraseAllUsers@F1327                            bssBANK1     00E8
EraseAllUsers@F1330                            dataBANK1    00D3
EraseAllUsers@confirmationCode                 cstackBANK0  005E
EraseAllUsers@contentData                      cstackBANK0  005C
EraseAllUsers@dataOut                          cstackBANK0  005D
EraseAllUsersAfterAdminConfirm@UserNo          cstackBANK0  006E
EraseAllUsersAfterAdminConfirm@isEraseAllUsers cstackBANK0  006C
EraseAllUsersAfterAdminConfirm@result          cstackBANK0  006D
FillUpResponse@_Response                       cstackBANK0  004D
FillUpResponse@c                               cstackBANK0  004C
FillUpResponse@checkSumCalculated              cstackBANK0  0046
FillUpResponse@chkLength                       cstackBANK0  004A
FillUpResponse@chkSumDigitCount                cstackBANK0  0045
FillUpResponse@confirmationCode                cstackBANK0  0037
FillUpResponse@data                            cstackBANK0  0040
FillUpResponse@i                               cstackBANK0  004B
FillUpResponse@l                               cstackBANK0  0048
FillUpResponse@respPtr                         cstackBANK0  0049
FillUpResponse@wait                            cstackBANK0  0041
GenCharacterFileFromImage@F1303                dataBANK1    00D4
GenCharacterFileFromImage@F1305                dataBANK1    00D5
GenCharacterFileFromImage@confirmationCode     cstackBANK0  005E
GenCharacterFileFromImage@contentData          cstackBANK0  005C
GenCharacterFileFromImage@dataOut              cstackBANK0  005D
GetKey@key                                     cstackBANK0  0021
GetUartByte@val                                cstackBANK0  0021
HiSpeedScan0@UserNo                            cstackBANK0  0069
HiSpeedScan0@scanResult                        cstackBANK0  006A
HiSpeedScan@F1322                              dataBANK3    01C4
HiSpeedScan@F1325                              dataBANK3    01C9
HiSpeedScan@UserNo                             cstackBANK0  0066
HiSpeedScan@confirmationCode                   cstackBANK0  0067
HiSpeedScan@contentData                        cstackBANK0  005C
HiSpeedScan@dataOut                            cstackBANK0  0061
KeyScan@keyNo                                  cstackBANK0  0025
LcdDelay@d                                     cstackBANK0  0020
LcdPrint@colNo                                 cstackBANK0  002E
LcdPrint@rowNo                                 cstackBANK0  002D
LcdPrint@s                                     cstackBANK0  002B
LoadFingerTemplate@F1309                       dataBANK1    00D6
LoadFingerTemplate@F1312                       dataBANK1    00C9
MatchTemplate@F1314                            dataBANK1    00D7
MatchTemplate@F1317                            bssBANK1     00E9
PutKey@key                                     cstackBANK0  0023
PutUartByte@val                                cstackCOMMON 0072
ScanForImage@F1298                             bssBANK1     00EA
ScanForImage@F1300                             dataBANK1    00D8
ScanForImage@confirmationCode                  cstackBANK0  005D
ScanForImage@contentData                       cstackBANK0  005B
ScanForImage@dataOut                           cstackBANK0  005C
SendByte@Mode                                  cstackBANK0  0024
SendByte@val                                   cstackBANK0  0022
SendUartByte@val                               cstackBANK0  0020
SendUartValue@size                             cstackBANK0  0025
SendUartValue@value                            cstackBANK0  0021
ToggleEndianFormat@result                      cstackBANK0  0035
ToggleEndianFormat@size                        cstackBANK0  0024
ToggleEndianFormat@val                         cstackBANK0  0020
TotDigits@result                               cstackBANK0  0033
TotDigits@val                                  cstackBANK0  002E
UploadLcdBuffer@i                              cstackBANK0  0029
UploadLcdBuffer@j                              cstackBANK0  002A
VerifyPswd@F1294                               dataCOMMON   007C
VerifyPswd@confirmationCode                    cstackBANK0  005D
VerifyPswd@dataOut                             cstackBANK0  005C
_AddNewUser                                    text1828     176A
_AddNewUserAfterAdminConfirm                   text1823     058C
_AddUserA                                      text1832     1073
_AddUserB                                      text1831     0A22
_AddUserC                                      text1830     13E0
_AlterAdminUser                                text1824     0E77
_CARRY                                         (abs)        0018
_ClearUartBuffer                               text1863     1D7F
_ControlAccess                                 text1825     001E
_DecToStr                                      text1842     15FE
_DefModuleAddress                              dataBANK1    00C5
_DefModulePassword                             bssBANK1     00EB
_Delay                                         text1853     12CA
_DeleteUser                                    text1837     1381
_DeleteUserAfterAdminConfirm                   text1822     034B
_EEADR                                         (abs)        010D
_EECON1                                        (abs)        018C
_EECON2                                        (abs)        018D
_EEDATA                                        (abs)        010C
_EEPGD                                         (abs)        0C67
_EraseAllUsers                                 text1838     1035
_EraseAllUsersAfterAdminConfirm                text1826     0B0F
_FillUpResponse                                text1848     0150
_GIE                                           (abs)        005F
_GenCharacterFileFromImage                     text1834     1191
_GetKey                                        text1866     1CBB
_GetUartByte                                   text1861     1CD4
_HiSpeedScan                                   text1833     158B
_HiSpeedScan0                                  text1829     122B
_IsKeyPending                                  text1867     1C30
_IsUartBytePending                             text1862     1C37
_IxPtr                                         bssCOMMON    0077
_KeyScan                                       text1843     16E9
_KeypdBuffer                                   bssBANK3     0190
_LcdBuffer                                     bssBANK3     01A4
_LcdClear                                      text1845     1D07
_LcdDelay                                      text1871     1C78
_LcdInit                                       text1840     1E69
_LcdPrint                                      text1839     14AE
_OxPtr                                         bssCOMMON    0078
_PEIE                                          (abs)        005E
_PORTD                                         (abs)        0008
_PackageHeader                                 dataBANK1    00CC
_PutKey                                        text1851     1DC4
_PutUartByte                                   text1873     1C8C
_RB1                                           (abs)        0031
_RB2                                           (abs)        0032
_RB3                                           (abs)        0033
_RB5                                           (abs)        0035
_RC0                                           (abs)        0038
_RC1                                           (abs)        0039
_RC2                                           (abs)        003A
_RC3                                           (abs)        003B
_RCIE                                          (abs)        0465
_RCIF                                          (abs)        0065
_RCREG                                         (abs)        001A
_RCSTA                                         (abs)        0018
_RD                                            (abs)        0C60
_RD6                                           (abs)        0046
_SPBRG                                         (abs)        0099
_ScanForImage                                  text1835     10FA
_SendByte                                      text1854     1000
_SendUartByte                                  text1864     1C48
_SendUartValue                                 text1849     11DD
_TRISB                                         (abs)        0086
_TRISC                                         (abs)        0087
_TRISD                                         (abs)        0088
_TXIF                                          (abs)        0064
_TXREG                                         (abs)        0019
_TXSTA                                         (abs)        0098
_ToggleEndianFormat                            text1860     0A60
_TotDigits                                     text1846     1E98
_UartBuffer                                    bssBANK2     0110
_UartInit                                      text1865     1C55
_UartIxPtr                                     bssCOMMON    0079
_UartOxPtr                                     bssCOMMON    007A
_UploadLcdBuffer                               text1844     1443
_UserNoArr                                     stringtext   0812
_VerifyPswd                                    text1836     1ECC
_WR                                            (abs)        0C61
_WREN                                          (abs)        0C62
_WRERR                                         (abs)        0C63
__Habs1                                        abs1         0000
__Hbank0                                       bank0        0000
__Hbank1                                       bank1        0000
__Hbank2                                       bank2        0000
__Hbank3                                       bank3        0000
__HbssBANK1                                    bssBANK1     0000
__HbssBANK2                                    bssBANK2     0000
__HbssBANK3                                    bssBANK3     0000
__HbssCOMMON                                   bssCOMMON    0000
__Hcinit                                       cinit        0000
__Hclrtext                                     clrtext      0000
__Hcode                                        code         0000
__Hcommon                                      common       0000
__Hconfig                                      config       2008
__HcstackBANK0                                 cstackBANK0  0000
__HcstackBANK1                                 cstackBANK1  0000
__HcstackCOMMON                                cstackCOMMON 0000
__HdataBANK1                                   dataBANK1    0000
__HdataBANK3                                   dataBANK3    0000
__HdataCOMMON                                  dataCOMMON   0000
__Heeprom_data                                 eeprom_data  0000
__Hend_init                                    end_init     0015
__Hfunctab                                     functab      0000
__HidataBANK1                                  idataBANK1   0000
__HidataBANK3                                  idataBANK3   0000
__HidataCOMMON                                 idataCOMMON  0000
__Hidloc                                       idloc        0000
__Hinit                                        init         0012
__Hinittext                                    inittext     0000
__Hintentry                                    intentry     0012
__Hmaintext                                    maintext     0000
__Hpowerup                                     powerup      0000
__Hram                                         ram          0000
__Hreset_vec                                   reset_vec    0004
__Hsfr0                                        sfr0         0000
__Hsfr1                                        sfr1         0000
__Hsfr2                                        sfr2         0000
__Hsfr3                                        sfr3         0000
__Hstrings                                     strings      0000
__Hstringtext                                  stringtext   0000
__Htext                                        text         0000
__Labs1                                        abs1         0000
__Lbank0                                       bank0        0000
__Lbank1                                       bank1        0000
__Lbank2                                       bank2        0000
__Lbank3                                       bank3        0000
__LbssBANK1                                    bssBANK1     0000
__LbssBANK2                                    bssBANK2     0000
__LbssBANK3                                    bssBANK3     0000
__LbssCOMMON                                   bssCOMMON    0000
__Lcinit                                       cinit        0000
__Lclrtext                                     clrtext      0000
__Lcode                                        code         0000
__Lcommon                                      common       0000
__Lconfig                                      config       2007
__LcstackBANK0                                 cstackBANK0  0000
__LcstackBANK1                                 cstackBANK1  0000
__LcstackCOMMON                                cstackCOMMON 0000
__LdataBANK1                                   dataBANK1    0000
__LdataBANK3                                   dataBANK3    0000
__LdataCOMMON                                  dataCOMMON   0000
__Leeprom_data                                 eeprom_data  0000
__Lend_init                                    end_init     0012
__Lfunctab                                     functab      0000
__LidataBANK1                                  idataBANK1   0000
__LidataBANK3                                  idataBANK3   0000
__LidataCOMMON                                 idataCOMMON  0000
__Lidloc                                       idloc        0000
__Linit                                        init         0012
__Linittext                                    inittext     0000
__Lintentry                                    intentry     0004
__Lmaintext                                    maintext     0000
__Lpowerup                                     powerup      0000
__Lram                                         ram          0000
__Lreset_vec                                   reset_vec    0000
__Lsfr0                                        sfr0         0000
__Lsfr1                                        sfr1         0000
__Lsfr2                                        sfr2         0000
__Lsfr3                                        sfr3         0000
__Lstrings                                     strings      0000
__Lstringtext                                  stringtext   0000
__Ltext                                        text         0000
__Package                                      bssBANK1     00D9
__S0                                           (abs)        2008
__S1                                           (abs)        01CE
__S2                                           (abs)        0000
___awdiv                                       text1857     1673
___awdiv@counter                               cstackBANK0  0025
___awdiv@dividend                              cstackBANK0  0022
___awdiv@divisor                               cstackBANK0  0020
___awdiv@quotient                              cstackBANK0  0027
___awdiv@sign                                  cstackBANK0  0026
___bmul                                        text1859     1CED
___bmul@multiplicand                           cstackBANK0  0020
___bmul@multiplier                             cstackBANK0  0023
___bmul@product                                cstackBANK0  0022
___lldiv                                       text1855     151B
___lldiv@counter                               cstackBANK0  002D
___lldiv@dividend                              cstackBANK0  0024
___lldiv@divisor                               cstackBANK0  0020
___lldiv@quotient                              cstackBANK0  0029
___llmod                                       text1856     1323
___llmod@counter                               cstackBANK0  0029
___llmod@dividend                              cstackBANK0  0024
___llmod@divisor                               cstackBANK0  0020
___lmul                                        text1858     1145
___lmul@multiplicand                           cstackBANK0  0024
___lmul@multiplier                             cstackBANK0  0020
___lmul@product                                cstackBANK0  0029
__end_of_AddNewUser                            text1828     1800
__end_of_AddNewUserAfterAdminConfirm           text1823     0800
__end_of_AddUserA                              text1832     10B1
__end_of_AddUserB                              text1831     0A60
__end_of_AddUserC                              text1830     1443
__end_of_AlterAdminUser                        text1824     1000
__end_of_ClearUartBuffer                       text1863     1DA0
__end_of_ControlAccess                         text1825     0150
__end_of_DecToStr                              text1842     1673
__end_of_Delay                                 text1853     1323
__end_of_DeleteUser                            text1837     13E0
__end_of_DeleteUserAfterAdminConfirm           text1822     058C
__end_of_EraseAllUsers                         text1838     1073
__end_of_EraseAllUsersAfterAdminConfirm        text1826     0BD9
__end_of_FillUpResponse                        text1848     034B
__end_of_GenCharacterFileFromImage             text1834     11DD
__end_of_GetKey                                text1866     1CD4
__end_of_GetUartByte                           text1861     1CED
__end_of_HiSpeedScan                           text1833     15FE
__end_of_HiSpeedScan0                          text1829     127A
__end_of_IsKeyPending                          text1867     1C37
__end_of_IsUartBytePending                     text1862     1C3E
__end_of_KeyScan                               text1843     176A
__end_of_LcdClear                              text1845     1D23
__end_of_LcdDelay                              text1871     1C8C
__end_of_LcdInit                               text1840     1E98
__end_of_LcdPrint                              text1839     151B
__end_of_PutKey                                text1851     1DE8
__end_of_PutUartByte                           text1873     1CA2
__end_of_ScanForImage                          text1835     1145
__end_of_SendByte                              text1854     1035
__end_of_SendUartByte                          text1864     1C55
__end_of_SendUartValue                         text1849     122B
__end_of_ToggleEndianFormat                    text1860     0B0F
__end_of_TotDigits                             text1846     1ECC
__end_of_UartInit                              text1865     1C65
__end_of_UploadLcdBuffer                       text1844     14AE
__end_of_VerifyPswd                            text1836     1F00
__end_of___awdiv                               text1857     16E9
__end_of___bmul                                text1859     1D07
__end_of___lldiv                               text1855     158B
__end_of___llmod                               text1856     1381
__end_of___lmul                                text1858     1191
__end_of_ee_eraseNPos                          text1852     1D5E
__end_of_ee_read                               text1869     1D7F
__end_of_ee_write                              text1868     1E10
__end_of_isr                                   text1872     1CBB
__end_of_main                                  maintext     0D1E
__end_of_memset1                               text1870     1DC4
__end_of_menu                                  text1827     12CA
__end_of_releaseEElocation                     text1850     1E69
__end_of_reserveEElocation                     text1847     1E3C
__end_of_sendPackage                           text1841     0E77
__pbssBANK1                                    bssBANK1     00D9
__pbssBANK2                                    bssBANK2     0110
__pbssBANK3                                    bssBANK3     0190
__pbssCOMMON                                   bssCOMMON    0077
__pcstackBANK0                                 cstackBANK0  0020
__pcstackBANK1                                 cstackBANK1  00A0
__pcstackCOMMON                                cstackCOMMON 0071
__pdataBANK1                                   dataBANK1    00BD
__pdataBANK3                                   dataBANK3    01C4
__pdataCOMMON                                  dataCOMMON   007B
__pidataBANK1                                  idataBANK1   1D23
__pidataBANK3                                  idataBANK3   1C3E
__pidataCOMMON                                 idataCOMMON  0A20
__pintentry                                    intentry     0004
__pmaintext                                    maintext     0BD9
__pstringtext                                  stringtext   0800
__ptext1822                                    text1822     034B
__ptext1823                                    text1823     058C
__ptext1824                                    text1824     0E77
__ptext1825                                    text1825     001E
__ptext1826                                    text1826     0B0F
__ptext1827                                    text1827     127A
__ptext1828                                    text1828     176A
__ptext1829                                    text1829     122B
__ptext1830                                    text1830     13E0
__ptext1831                                    text1831     0A22
__ptext1832                                    text1832     1073
__ptext1833                                    text1833     158B
__ptext1834                                    text1834     1191
__ptext1835                                    text1835     10FA
__ptext1836                                    text1836     1ECC
__ptext1837                                    text1837     1381
__ptext1838                                    text1838     1035
__ptext1839                                    text1839     14AE
__ptext1840                                    text1840     1E69
__ptext1841                                    text1841     0D1E
__ptext1842                                    text1842     15FE
__ptext1843                                    text1843     16E9
__ptext1844                                    text1844     1443
__ptext1845                                    text1845     1D07
__ptext1846                                    text1846     1E98
__ptext1847                                    text1847     1E10
__ptext1848                                    text1848     0150
__ptext1849                                    text1849     11DD
__ptext1850                                    text1850     1E3C
__ptext1851                                    text1851     1DC4
__ptext1852                                    text1852     1D3F
__ptext1853                                    text1853     12CA
__ptext1854                                    text1854     1000
__ptext1855                                    text1855     151B
__ptext1856                                    text1856     1323
__ptext1857                                    text1857     1673
__ptext1858                                    text1858     1145
__ptext1859                                    text1859     1CED
__ptext1860                                    text1860     0A60
__ptext1861                                    text1861     1CD4
__ptext1862                                    text1862     1C37
__ptext1863                                    text1863     1D7F
__ptext1864                                    text1864     1C48
__ptext1865                                    text1865     1C55
__ptext1866                                    text1866     1CBB
__ptext1867                                    text1867     1C30
__ptext1868                                    text1868     1DE8
__ptext1869                                    text1869     1D5E
__ptext1870                                    text1870     1DA0
__ptext1871                                    text1871     1C78
__ptext1872                                    text1872     1CA2
__ptext1873                                    text1873     1C8C
__ptext1874                                    text1874     0000
__size_of_AddNewUser                           (abs)        0000
__size_of_AddNewUserAfterAdminConfirm          (abs)        0000
__size_of_AddUserA                             (abs)        0000
__size_of_AddUserB                             (abs)        0000
__size_of_AddUserC                             (abs)        0000
__size_of_AlterAdminUser                       (abs)        0000
__size_of_ClearUartBuffer                      (abs)        0000
__size_of_ControlAccess                        (abs)        0000
__size_of_DecToStr                             (abs)        0000
__size_of_Delay                                (abs)        0000
__size_of_DeleteUser                           (abs)        0000
__size_of_DeleteUserAfterAdminConfirm          (abs)        0000
__size_of_EraseAllUsers                        (abs)        0000
__size_of_EraseAllUsersAfterAdminConfirm       (abs)        0000
__size_of_FillUpResponse                       (abs)        0000
__size_of_GenCharacterFileFromImage            (abs)        0000
__size_of_GetKey                               (abs)        0000
__size_of_GetUartByte                          (abs)        0000
__size_of_HiSpeedScan                          (abs)        0000
__size_of_HiSpeedScan0                         (abs)        0000
__size_of_IsKeyPending                         (abs)        0000
__size_of_IsUartBytePending                    (abs)        0000
__size_of_KeyScan                              (abs)        0000
__size_of_LcdClear                             (abs)        0000
__size_of_LcdDelay                             (abs)        0000
__size_of_LcdInit                              (abs)        0000
__size_of_LcdPrint                             (abs)        0000
__size_of_PutKey                               (abs)        0000
__size_of_PutUartByte                          (abs)        0000
__size_of_ScanForImage                         (abs)        0000
__size_of_SendByte                             (abs)        0000
__size_of_SendUartByte                         (abs)        0000
__size_of_SendUartValue                        (abs)        0000
__size_of_ToggleEndianFormat                   (abs)        0000
__size_of_TotDigits                            (abs)        0000
__size_of_UartInit                             (abs)        0000
__size_of_UploadLcdBuffer                      (abs)        0000
__size_of_VerifyPswd                           (abs)        0000
__size_of___awdiv                              (abs)        0000
__size_of___bmul                               (abs)        0000
__size_of___lldiv                              (abs)        0000
__size_of___llmod                              (abs)        0000
__size_of___lmul                               (abs)        0000
__size_of_ee_eraseNPos                         (abs)        0000
__size_of_ee_read                              (abs)        0000
__size_of_ee_write                             (abs)        0000
__size_of_isr                                  (abs)        0000
__size_of_main                                 (abs)        0000
__size_of_memset1                              (abs)        0000
__size_of_menu                                 (abs)        0000
__size_of_releaseEElocation                    (abs)        0000
__size_of_reserveEElocation                    (abs)        0000
__size_of_sendPackage                          (abs)        0000
_buzzOffCounter                                bssBANK1     00E6
_ee_eraseNPos                                  text1852     1D3F
_ee_read                                       text1869     1D5E
_ee_write                                      text1868     1DE8
_exit                                          init         0012
_isr                                           text1872     1CA2
_main                                          maintext     0BD9
_memset1                                       text1870     1DA0
_menu                                          text1827     127A
_releaseEElocation                             text1850     1E3C
_reserveEElocation                             text1847     1E10
_sendPackage                                   text1841     0D1E
btemp                                          (abs)        007E
clear_ram                                      clrtext      0016
ee_eraseNPos@i                                 cstackBANK0  0027
ee_eraseNPos@n                                 cstackBANK0  0026
ee_read@a                                      cstackBANK0  0021
ee_read@d                                      cstackBANK0  0022
ee_write@a                                     cstackBANK0  0024
ee_write@d                                     cstackBANK0  0023
end_of_initialization                          cinit        10F6
init_fetch                                     inittext     1C65
init_ram                                       inittext     1C69
interrupt_function                             intentry     0004
intlevel0                                      functab      0000
intlevel1                                      functab      0000
intlevel2                                      functab      0000
intlevel3                                      functab      0000
intlevel4                                      functab      0000
intlevel5                                      functab      0000
main@menuResponse                              cstackBANK1  00BC
memset1@data                                   cstackBANK0  0022
memset1@len                                    cstackBANK0  0023
memset1@str                                    cstackBANK0  0020
menu@keyHit                                    cstackBANK0  0036
menu@s                                         cstackBANK0  0033
releaseEElocation@loc                          cstackBANK0  0026
reserveEElocation@loc                          cstackBANK0  0026
reset_vec                                      reset_vec    0000
saved_w                                        (abs)        007E
sendPackage@content                            cstackBANK0  002D
sendPackage@i                                  cstackBANK0  0037
sendPackage@identifier                         cstackBANK0  0036
sendPackage@instruction                        cstackBANK0  002C
sendPackage@length                             cstackBANK0  002B
start                                          init         0012
start_initialization                           cinit        10B1
wtemp0                                         (abs)        007E
